# root node
project;thedeployer.packages.depfile.project;Project

# main nodes
defaults;thedeployer.packages.depfile.default;Defaults
default;thedeployer.packages.depfile.default;Default
servers;thedeployer.packages.depfile.server;Servers
filesets;thedeployer.packages.depfile.fileset;FileSets
fileset;thedeployer.packages.depfile.fileset;FileSet
match;thedeployer.packages.depfile.fileset;FileSetEntry
targets;thedeployer.packages.depfile.target;Targets
target;thedeployer.packages.depfile.target;Target
task;thedeployer.packages.depfile.task;Task
list;thedeployer.packages.depfile.list;List
dictionary;thedeployer.packages.depfile.dictionary;Dictionary
entry;thedeployer.packages.depfile.list;ListEntry

# server nodes
server:local;thedeployer.packages.depfile.server;LocalServer
server:ftp;thedeployer.packages.depfile.server;FtpServer
server:sftp;thedeployer.packages.depfile.server;SftpServer
server:ssh;thedeployer.packages.depfile.server;SshServer
server:web;thedeployer.packages.depfile.server;WebServer
server:subversion;thedeployer.packages.depfile.server;SubversionServer
server:mysql;thedeployer.packages.depfile.server;MysqlServer

# fs commands
fs:chmod;thedeployer.packages.commands.fs.chmod;ChmodCommand
fs:copy;thedeployer.packages.commands.fs.copy;CopyCommand
fs:compress;thedeployer.packages.commands.fs.compress;CompressCommand
fs:ftpsync;thedeployer.packages.commands.fs.ftpsync;FtpSyncCommand
fs:rsync;thedeployer.packages.commands.fs.rsync;RsyncCommand

# db commands
db:create;thedeployer.packages.commands.db.create;DbCreateCommand
db:drop;thedeployer.packages.commands.db.drop;DbDropCommand
db:sql;thedeployer.packages.commands.db.sql;DbSqlCommand
db:mysqldump;thedeployer.packages.commands.db.mysql.dump;DbMysqlDumpCommand
db:mysqlimport;thedeployer.packages.commands.db.mysql._import;DbMysqlImportCommand

# versioncontrol commands
vc:checkout;thedeployer.packages.commands.versioncontrol.checkout;VcCheckoutCommand
vc:export;thedeployer.packages.commands.versioncontrol.export;VcExportCommand

# system commands
system:execute;thedeployer.packages.commands.system.execute;ExecuteCommand
